lenovo@DESKTOP-FMQOM07 MINGW64 ~/Google Drive (fiorellitaportatil@gmail.com)/.CARRERA y CURSOS/Certified Tech Developer - Digital House/Intro a la Informatica/Clase 4 (main)
$ mkdir Ecommerce

lenovo@DESKTOP-FMQOM07 MINGW64 ~/Google Drive (fiorellitaportatil@gmail.com)/.CARRERA y CURSOS/Certified Tech Developer - Digital House/Intro a la Informatica/Clase 4 (main)
$ cd Ecommerce/

lenovo@DESKTOP-FMQOM07 MINGW64 ~/Google Drive (fiorellitaportatil@gmail.com)/.CARRERA y CURSOS/Certified Tech Developer - Digital House/Intro a la Informatica/Clase 4/Ecommerce (main)
$ touch app.js

lenovo@DESKTOP-FMQOM07 MINGW64 ~/Google Drive (fiorellitaportatil@gmail.com)/.CARRERA y CURSOS/Certified Tech Developer - Digital House/Intro a la Informatica/Clase 4/Ecommerce (main)
$ touch config.js

lenovo@DESKTOP-FMQOM07 MINGW64 ~/Google Drive (fiorellitaportatil@gmail.com)/.CARRERA y CURSOS/Certified Tech Developer - Digital House/Intro a la Informatica/Clase 4/Ecommerce (main)
$ mkdir db

lenovo@DESKTOP-FMQOM07 MINGW64 ~/Google Drive (fiorellitaportatil@gmail.com)/.CARRERA y CURSOS/Certified Tech Developer - Digital House/Intro a la Informatica/Clase 4/Ecommerce (main)
$ git init
Initialized empty Git repository in C:/Users/lenovo/Google Drive (fiorellitaportatil@gmail.com)/.CARRERA y CURSOS/Certified Tech Developer - Digital House/Intro a la Informatica/Clase 4/Ecommerce/.git/

lenovo@DESKTOP-FMQOM07 MINGW64 ~/Google Drive (fiorellitaportatil@gmail.com)/.CARRERA y CURSOS/Certified Tech Developer - Digital House/Intro a la Informatica/Clase 4/Ecommerce (main)
$ git add .

rtified Tech Developer - Digital House/Intro a la Informatica/Clase 4/Ecommerce (main)           rtified Tech Developer - Digital House/Intro a la
$ git commit -m "Primer Commit"
[main (root-commit) 72c7fd4] Primer Commit
 2 files changed, 0 insertions(+), 0 deletions(-)
 create mode 100644 app.js
 create mode 100644 config.js

lenovo@DESKTOP-FMQOM07 MINGW64 ~/Google Drive (fiorellitaportatil@gmail.com)/.CARRERA y CURSOS/Certified Tech Developer - Digital House/Intro a la Informatica/Clase 4/Ecommerce (main)           rtified Tech Developer - Digital House/Intro a la
$ cd db

lenovo@DESKTOP-FMQOM07 MINGW64 ~/Google Drive (fiorellitaportatil@gmail.com)/.CARRERA y CURSOS/Ce
rtified Tech Developer - Digital House/Intro a la Informatica/Clase 4/Ecommerce/db (main)
$ touch producto_db.js carrito_db.js

rtified Tech Developer - Digital House/Intro a la Informatica/Clase 4/Ecommerce/db (main)        rtified Tech Developer - Digital House/Intro a la
$ touch producto_db.js carrito_db.js

lenovo@DESKTOP-FMQOM07 MINGW64 ~/Google Drive (fiorellitaportatil@gmail.com)/.CARRERA y CURSOS/Certified Tech Developer - Digital House/Intro a la Informatica/Clase 4/Ecommerce/db (main)        rtified Tech Developer - Digital House/Intro a la
$ cd ..

lenovo@DESKTOP-FMQOM07 MINGW64 ~/Google Drive (fiorellitaportatil@gmail.com)/.CARRERA y CURSOS/Certified Tech Developer - Digital House/Intro a la Informatica/Clase 4/Ecommerce (main)           rtified Tech Developer - Digital House/Intro a la
$ nano app.js

lenovo@DESKTOP-FMQOM07 MINGW64 ~/Google Drive (fiorellitaportatil@gmail.com)/.CARRERA y CURSOS/Certified Tech Developer - Digital House/Intro a la Informatica/Clase 4/Ecommerce (main)
$












lenovo@DESKTOP-FMQOM07 MINGW64 ~/Google Drive (fiorellitaportatil@gmail.com)/.CARRERA y CURSOS/Certified Tech Developer - Digital House/Intro a la Informatica/Clase 4/Ecommerce/db (main)        
$ cd ..

lenovo@DESKTOP-FMQOM07 MINGW64 ~/Google Drive (fiorellitaportatil@gmail.com)/.CARRERA y CURSOS/Certified Tech Developer - Digital House/Intro a la Informatica/Clase 4/Ecommerce (main)
$ nano app.js

lenovo@DESKTOP-FMQOM07 MINGW64 ~/Google Drive (fiorellitaportatil@gmail.com)/.CARRERA y CURSOS/Certified Tech Developer - Digital House/Intro a la Informatica/Clase 4/Ecommerce (main)
$ git commit -m "Guardando lo importante"
On branch main
Changes not staged for commit:
  (use "git add <file>..." to update what will be committed)
  (use "git restore <file>..." to discard changes in working directory)
        modified:   app.js

Untracked files:
  (use "git add <file>..." to include in what will be committed)
        db/

no changes added to commit (use "git add" and/or "git commit -a")

lenovo@DESKTOP-FMQOM07 MINGW64 ~/Google Drive (fiorellitaportatil@gmail.com)/.CARRERA y CURSOS/Certified Tech Developer - Digital House/Intro a la Informatica/Clase 4/Ecommerce (main)
$ git add app.js
warning: LF will be replaced by CRLF in app.js.
The file will have its original line endings in your working directory

lenovo@DESKTOP-FMQOM07 MINGW64 ~/Google Drive (fiorellitaportatil@gmail.com)/.CARRERA y CURSOS/Certified Tech Developer - Digital House/Intro a la Informatica/Clase 4/Ecommerce (main)
$ git status
On branch main
Changes to be committed:
  (use "git restore --staged <file>..." to unstage)
        modified:   app.js

Untracked files:
  (use "git add <file>..." to include in what will be committed)
        db/

lenovo@DESKTOP-FMQOM07 MINGW64 ~/Google Drive (fiorellitaportatil@gmail.com)/.CARRERA y CURSOS/Certified Tech Developer - Digital House/Intro a la Informatica/Clase 4/Ecommerce (main)
$ git add .

lenovo@DESKTOP-FMQOM07 MINGW64 ~/Google Drive (fiorellitaportatil@gmail.com)/.CARRERA y CURSOS/Certified Tech Developer - Digital House/Intro a la Informatica/Clase 4/Ecommerce (main)
$ git commit -m "Guardando una parte del proyecto"
[main e075250] Guardando una parte del proyecto
 3 files changed, 1 insertion(+)
 create mode 100644 db/carrito_db.js
 create mode 100644 db/producto_db.js

lenovo@DESKTOP-FMQOM07 MINGW64 ~/Google Drive (fiorellitaportatil@gmail.com)/.CARRERA y CURSOS/Certified Tech Developer - Digital House/Intro a la Informatica/Clase 4/Ecommerce (main)
$ cd db

lenovo@DESKTOP-FMQOM07 MINGW64 ~/Google Drive (fiorellitaportatil@gmail.com)/.CARRERA y CURSOS/Certified Tech Developer - Digital House/Intro a la Informatica/Clase 4/Ecommerce/db (main)        
$ rm producto_db.js

lenovo@DESKTOP-FMQOM07 MINGW64 ~/Google Drive (fiorellitaportatil@gmail.com)/.CARRERA y CURSOS/Certified Tech Developer - Digital House/Intro a la Informatica/Clase 4/Ecommerce/db (main)        
$ git restore
fatal: you must specify path(s) to restore

lenovo@DESKTOP-FMQOM07 MINGW64 ~/Google Drive (fiorellitaportatil@gmail.com)/.CARRERA y CURSOS/Certified Tech Developer - Digital House/Intro a la Informatica/Clase 4/Ecommerce/db (main)        
$ git restore --stage db/producto_db.js
error: pathspec 'db/producto_db.js' did not match any file(s) known to git

lenovo@DESKTOP-FMQOM07 MINGW64 ~/Google Drive (fiorellitaportatil@gmail.com)/.CARRERA y CURSOS/Certified Tech Developer - Digital House/Intro a la Informatica/Clase 4/Ecommerce/db (main)        
$ git restore.
git: 'restore.' is not a git command. See 'git --help'.

The most similar command is
        restore

lenovo@DESKTOP-FMQOM07 MINGW64 ~/Google Drive (fiorellitaportatil@gmail.com)/.CARRERA y CURSOS/Certified Tech Developer - Digital House/Intro a la Informatica/Clase 4/Ecommerce/db (main)        
$ git restore .

lenovo@DESKTOP-FMQOM07 MINGW64 ~/Google Drive (fiorellitaportatil@gmail.com)/.CARRERA y CURSOS/Certified Tech Developer - Digital House/Intro a la Informatica/Clase 4/Ecommerce/db (main)        
$ git status
On branch main
nothing to commit, working tree clean

lenovo@DESKTOP-FMQOM07 MINGW64 ~/Google Drive (fiorellitaportatil@gmail.com)/.CARRERA y CURSOS/Certified Tech Developer - Digital House/Intro a la Informatica/Clase 4/Ecommerce/db (main)        
$ rm ../config.js

lenovo@DESKTOP-FMQOM07 MINGW64 ~/Google Drive (fiorellitaportatil@gmail.com)/.CARRERA y CURSOS/Certified Tech Developer - Digital House/Intro a la Informatica/Clase 4/Ecommerce/db (main)        
$ git add .

lenovo@DESKTOP-FMQOM07 MINGW64 ~/Google Drive (fiorellitaportatil@gmail.com)/.CARRERA y CURSOS/Certified Tech Developer - Digital House/Intro a la Informatica/Clase 4/Ecommerce/db (main)        
$  git commit -m "Sacando la configuracion"
On branch main
Changes not staged for commit:
  (use "git add/rm <file>..." to update what will be committed)
  (use "git restore <file>..." to discard changes in working directory)
        deleted:    ../config.js

no changes added to commit (use "git add" and/or "git commit -a")